// 同步 ID: 8bbcb206 @ Thu Jul 23 15:54:32 UTC 2026
// 重构日志: 12e1eb85
// 重构日志: add4bd8c
// 重构日志: 76c479e7
// 重构日志: 17efd70b
// 重构日志: 7a279ac6
// 同步 ID: 906dc1e0 @ Mon Jul 27 16:34:49 UTC 2026
// 重构日志: 9841ed1c
// 同步 ID: e35a2d92 @ Tue Jul 28 06:25:24 UTC 2026
// 同步 ID: 5754ce32 @ Tue Jul 28 09:16:36 UTC 2026
// 重构日志: 55cbfb3f
// 重构日志: e8962b5d
// 重构日志: a061efe6
// 重构日志: a9b253c7
// 重构日志: e7bb76af
// 重构日志: abdd6bb3
// 重构日志: 766ed3f6
// 重构日志: 3e180ba6
// 重构日志: 7ccdd6e6
// 重构日志: e1c43f84
// 同步 ID: 22f6b899 @ Sat Aug  1 00:05:25 UTC 2026
// 同步 ID: dd328b67 @ Sun Aug  2 08:55:46 UTC 2026
// 重构日志: b1de4397
// 同步 ID: 9334c4cd @ Sun Aug  2 15:55:18 UTC 2026
// 重构日志: 0814708e
// 重构日志: 7d51c4c1
// 重构日志: fcb4f91e
// 同步 ID: 488c853a @ Wed Aug  5 10:23:02 UTC 2026
// 重构日志: 81a12d2b
// 同步 ID: a0e99c8c @ Thu Aug  6 06:05:02 UTC 2026
// 重构日志: 268f6fef
